// Jest Snapshot v1, https://goo.gl/fbAQLP

exports[`VhJdpowerLogo.vue renders default VhJdpowerLogo 1`] = `<div><img src="https://www.vehiclehistory.com/images/jd-power.png" alt="J.D. Power Logo" class="JdpowerLogo"></div>`;
