// Jest Snapshot v1, https://goo.gl/fbAQLP

exports[`VHFormField.vue renders FormField with state and message 1`] = `
<div class="Form-field Form-field--medium Form-field--light Form-field--test state">
  <p class="Form-message">
    this is a test message
  </p>
</div>
`;

exports[`VHFormField.vue renders default VHFormField 1`] = `
<div class="Form-field Form-field--medium Form-field--light">
  <p class="Form-message" style="display: none;">

  </p>
</div>
`;
