// Jest Snapshot v1, https://goo.gl/fbAQLP

exports[`VhContainer.vue renders default VhContainer 1`] = `
<div class="Container">
  <div class="Container-main"></div>
  <aside class="Container-aside u-sm-hidden u-md-hidden"></aside>
</div>
`;
